// Vitest Snapshot v1, https://vitest.dev/guide/snapshot.html

exports[`strategy rationale (FR-033) > derives surgical rationale from matched fit rules on auth-debug 1`] = `"Selected surgical (fit score 8): risk_level=medium (+2); hard_constraint_kinds=architectural (+3); blast_radius=module (+2); objective_kind=debug (+1). Tuned: max_files=3 (from from_blast_radius=3), budget_tokens=4000 (from from_scope_size=4000)."`;
